bin start		omega	        hist_DD	        hist_DR	        hist_RR
 0.000	       2.364674	        2349910	         396553	        1140788
 0.250	       1.744974	        4359494	        1183721	        2673988
 0.500	       1.418141	        5589718	        1946394	        4058268
 0.750	       1.215367	        6483038	        2673734	        5272710
 1.000	       1.086595	        7322666	        3384698	        6389188
 1.250	       1.002026	        8173200	        4079035	        7468260
 1.500	       0.936941	        8985306	        4759659	        8468416
 1.750	       0.884512	        9793958	        5441962	        9437922
 2.000	       0.845721	       10643102	        6118601	       10332570
 2.250	       0.810911	       11407898	        6762999	       11201632
 2.500	       0.775458	       12092074	        7402636	       12083280
 2.750	       0.747040	       12824862	        8043542	       12896194
 3.000	       0.716882	       13523938	        8699850	       13689556
 3.250	       0.686115	       14172988	        9354074	       14448492
 3.500	       0.656696	       14795148	       10001962	       15172472
 3.750	       0.636098	       15510606	       10653069	       15926064
 4.000	       0.617990	       16227850	       11287601	       16615656
 4.250	       0.600113	       16893274	       11906678	       17305086
 4.500	       0.578823	       17464156	       12512582	       17952110
 4.750	       0.563260	       18042264	       13076847	       18572694
 5.000	       0.550831	       18706704	       13666569	       19205308
 5.250	       0.539597	       19390832	       14257653	       19818448
 5.500	       0.531526	       20119446	       14840687	       20410788
 5.750	       0.525295	       20833514	       15397930	       20986378
 6.000	       0.517928	       21487902	       15939949	       21556946
 6.250	       0.506414	       22086452	       16496366	       22095990
 6.500	       0.494496	       22639536	       17035978	       22615904
 6.750	       0.482258	       23161582	       17578557	       23168918
 7.000	       0.474478	       23814272	       18131866	       23689720
 7.250	       0.466957	       24394946	       18653394	       24222900
 7.500	       0.452108	       24822894	       19183217	       24719366
 7.750	       0.431569	       25172024	       19740540	       25172914
 8.000	       0.416152	       25582764	       20287078	       25676890
 8.250	       0.406855	       26092094	       20797596	       26137126
 8.500	       0.397444	       26645412	       21325161	       26561692
 8.750	       0.389932	       27239908	       21848627	       26976244
 9.000	       0.381735	       27864584	       22407807	       27417112
 9.250	       0.381287	       28679116	       22947606	       27825656
 9.500	       0.379076	       29416286	       23474212	       28235572
 9.750	       0.379274	       30146778	       23961128	       28636616
10.000	       0.372557	       30694820	       24463254	       29057134
10.250	       0.363747	       31113728	       24917083	       29422958
10.500	       0.348958	       31413188	       25409929	       29808608
10.750	       0.329628	       31573492	       25898192	       30166656
11.000	       0.316644	       31991350	       26415072	       30494806
11.250	       0.313268	       32620474	       26912131	       30876366
11.500	       0.304893	       33175312	       27424313	       31179830
11.750	       0.299263	       33748944	       27917342	       31517876
12.000	       0.292740	       34319908	       28434091	       31881180
12.250	       0.281713	       34713560	       28919161	       32194312
12.500	       0.269634	       35097600	       29420076	       32507736
12.750	       0.256166	       35403330	       29905595	       32813584
13.000	       0.244504	       35739358	       30370865	       33094000
13.250	       0.234293	       36037804	       30801586	       33387908
13.500	       0.231313	       36515210	       31213671	       33709614
13.750	       0.221853	       36798172	       31614055	       33965234
14.000	       0.208948	       37033442	       32060590	       34242658
14.250	       0.204126	       37505796	       32485047	       34508366
14.500	       0.193533	       37877036	       32964790	       34784502
14.750	       0.184666	       38169168	       33373256	       35049864
15.000	       0.176300	       38526738	       33803964	       35305546
15.250	       0.172056	       39031354	       34228347	       35540246
15.500	       0.166640	       39422766	       34632165	       35808722
15.750	       0.153723	       39584244	       35053546	       36067214
16.000	       0.136237	       39631314	       35500574	       36317650
16.250	       0.122670	       39726024	       35896477	       36550586
16.500	       0.118547	       40070682	       36242849	       36774506
16.750	       0.115096	       40419646	       36586832	       37014186
17.000	       0.106357	       40667440	       36960626	       37211512
17.250	       0.097976	       40966806	       37366275	       37433302
17.500	       0.093124	       41371544	       37747106	       37626590
17.750	       0.091934	       41842210	       38099343	       37834764
18.000	       0.088974	       42260864	       38438456	       37996778
18.250	       0.091545	       42776032	       38739615	       38200218
18.500	       0.094278	       43337858	       39056728	       38395442
18.750	       0.091545	       43789086	       39409477	       38559824
19.000	       0.086679	       44158740	       39752408	       38700622
19.250	       0.078412	       44356118	       40095207	       38883224
19.500	       0.067971	       44552888	       40474673	       39050782
19.750	       0.063820	       44866350	       40789339	       39215018
20.000	       0.062914	       45326172	       41112086	       39375254
20.250	       0.059744	       45676594	       41420316	       39525464
20.500	       0.054378	       45925958	       41704726	       39638988
20.750	       0.049971	       46167346	       41981160	       39782974
21.000	       0.044803	       46438946	       42280830	       39910820
21.250	       0.040519	       46808816	       42593421	       39998720
21.500	       0.037002	       47140084	       42905361	       40156492
21.750	       0.036140	       47553918	       43199232	       40301024
22.000	       0.035188	       48040508	       43525855	       40433994
22.250	       0.036198	       48454834	       43764862	       40542450
22.500	       0.038150	       48879212	       43986040	       40643396
22.750	       0.036891	       49195158	       44230813	       40770536
23.000	       0.031043	       49353498	       44468741	       40852148
23.250	       0.028795	       49645098	       44708179	       40950410
23.500	       0.027248	       49990432	       44957444	       41042788
23.750	       0.021360	       50049420	       45153459	       41136166
24.000	       0.016235	       50107480	       45338192	       41238396
24.250	       0.014961	       50239376	       45459077	       41296608
24.500	       0.008626	       50243484	       45621998	       41357272
24.750	       0.009084	       50475004	       45766636	       41434678
25.000	       0.012492	       50751842	       45871971	       41510642
25.250	       0.013169	       51080738	       46059597	       41586104
25.500	       0.014419	       51386212	       46217466	       41649272
25.750	       0.017080	       51780006	       46385814	       41703916
26.000	       0.020158	       52078080	       46496645	       41756926
26.250	       0.023788	       52358786	       46600925	       41838322
26.500	       0.025117	       52744350	       46790491	       41888772
26.750	       0.022407	       52950622	       46979030	       41947358
27.000	       0.018813	       52912406	       47061337	       42000436
27.250	       0.017924	       52938536	       47086784	       41987622
27.500	       0.016767	       52939844	       47129939	       42024668
27.750	       0.016189	       52997406	       47206861	       42097820
28.000	       0.019846	       53261534	       47283456	       42141704
28.250	       0.024769	       53372466	       47262532	       42197788
28.500	       0.026702	       53509408	       47311166	       42240858
28.750	       0.024876	       53536002	       47382106	       42279970
29.000	       0.023951	       53589588	       47445686	       42315292
29.250	       0.021018	       53569186	       47520135	       42361418
29.500	       0.016790	       53488640	       47569234	       42361076
29.750	       0.015395	       53494724	       47615248	       42388320
30.000	       0.008973	       53281558	       47655100	       42409176
30.250	       0.007635	       53263666	       47686287	       42432878
30.500	       0.005550	       53265786	       47739440	       42448676
30.750	       0.003178	       53278514	       47792624	       42441602
31.000	      -0.000481	       53242036	       47855590	       42448740
31.250	      -0.000839	       53286484	       47881815	       42441518
31.500	      -0.001453	       53311352	       47903318	       42433616
31.750	      -0.004985	       53345824	       47978488	       42399808
32.000	      -0.006750	       53436058	       48044747	       42367470
32.250	      -0.006527	       53528446	       48081745	       42358562
32.500	      -0.009687	       53482128	       48108582	       42325054
32.750	      -0.011422	       53440976	       48124791	       42325174
33.000	      -0.008207	       53588448	       48113150	       42290768
33.250	       0.000739	       53920082	       48093790	       42298748
33.500	       0.001137	       54025952	       48128688	       42279492
33.750	       0.003400	       54109736	       48117646	       42269264
34.000	       0.002354	       54158962	       48138564	       42217542
34.250	       0.005708	       54339868	       48142021	       42184972
34.500	       0.010068	       54507326	       48118997	       42155098
34.750	       0.005484	       54304560	       48102826	       42132136
35.000	      -0.004392	       53920076	       48079805	       42054810
35.250	      -0.009124	       53681640	       48038806	       42012628
35.500	      -0.014391	       53517042	       48035026	       41949312
35.750	      -0.018192	       53437346	       48047000	       41894494
36.000	      -0.022613	       53211268	       47999778	       41842092
36.250	      -0.024664	       53024172	       47916545	       41778504
36.500	      -0.031490	       52658688	       47845966	       41719480
36.750	      -0.038124	       52261916	       47757106	       41663914
37.000	      -0.049220	       51753664	       47707205	       41612564
37.250	      -0.058234	       51331442	       47655318	       41559046
37.500	      -0.064626	       51069886	       47627553	       41503028
37.750	      -0.063701	       50982898	       47538291	       41453096
38.000	      -0.065412	       50909748	       47483097	       41351566
38.250	      -0.063697	       50788378	       47336837	       41257312
38.500	      -0.067934	       50572766	       47284193	       41196954
38.750	      -0.073233	       50147866	       47152132	       41143358
39.000	      -0.076635	       49817962	       47013219	       41061716
39.250	      -0.081026	       49522680	       46910105	       40977304
39.500	      -0.084694	       49269514	       46810994	       40889388
39.750	      -0.086435	       49064032	       46680109	       40772072
40.000	      -0.090883	       48756652	       46565246	       40676986
40.250	      -0.094808	       48454496	       46438084	       40574836
40.500	      -0.093250	       48210120	       46255061	       40521388
40.750	      -0.096681	       47748542	       46040656	       40424478
41.000	      -0.099970	       47289036	       45846011	       40367440
41.250	      -0.105054	       46875288	       45695940	       40284554
41.500	      -0.105050	       46580330	       45486044	       40171732
41.750	      -0.096905	       46583854	       45275957	       40083754
42.000	      -0.088406	       46488346	       45009422	       39994742
42.250	      -0.083386	       46288916	       44768011	       39918480
42.500	      -0.083594	       45958278	       44544242	       39802908
42.750	      -0.075073	       45807200	       44238787	       39690690
43.000	      -0.066746	       45642044	       43945217	       39604906
43.250	      -0.069002	       45285428	       43752167	       39493740
43.500	      -0.063973	       45080612	       43497390	       39394006
43.750	      -0.057936	       45035752	       43299952	       39287978
44.000	      -0.054008	       44938012	       43112321	       39171096
44.250	      -0.051711	       44651650	       42865547	       39059618
44.500	      -0.051385	       44294910	       42610791	       38926424
44.750	      -0.051831	       44045348	       42430747	       38804864
45.000	      -0.051968	       43806164	       42233018	       38651262
45.250	      -0.059148	       43359508	       42057494	       38479490
45.500	      -0.065232	       42909050	       41875583	       38341054
45.750	      -0.062242	       42796402	       41675962	       38179190
46.000	      -0.059251	       42613976	       41475215	       38080162
46.250	      -0.057330	       42519598	       41318306	       37941794
46.500	      -0.059321	       42180456	       41115088	       37806964
46.750	      -0.063430	       41669670	       40857854	       37657422
47.000	      -0.075525	       40963816	       40650154	       37503996
47.250	      -0.081193	       40388442	       40388825	       37356136
47.500	      -0.081357	       39928054	       40080394	       37205792
47.750	      -0.074639	       39546860	       39701588	       37088106
48.000	      -0.075601	       39057906	       39402037	       36952516
48.250	      -0.078642	       38494134	       39097948	       36807188
48.500	      -0.085045	       37906068	       38824549	       36627998
48.750	      -0.090421	       37390340	       38575212	       36463066
49.000	      -0.092296	       36894292	       38288635	       36329870
49.250	      -0.096955	       36360258	       38025414	       36182496
49.500	      -0.105901	       35684220	       37763358	       36027186
49.750	      -0.110333	       35068816	       37467944	       35905502
50.000	      -0.111861	       34656416	       37198856	       35743054
50.250	      -0.117681	       34196090	       36969936	       35559146
50.500	      -0.123395	       33742380	       36756246	       35401708
50.750	      -0.128591	       33275408	       36531258	       35253792
51.000	      -0.128439	       32902832	       36253165	       35095840
51.250	      -0.126513	       32597180	       35959876	       34906450
51.500	      -0.127128	       32361250	       35759986	       34742044
51.750	      -0.127399	       31941608	       35467755	       34587504
52.000	      -0.125406	       31590820	       35175302	       34440706
52.250	      -0.130334	       31177432	       34962213	       34279238
52.500	      -0.137622	       30668702	       34721706	       34083992
52.750	      -0.142679	       30201578	       34479555	       33918130
53.000	      -0.147050	       29764208	       34242587	       33757002
53.250	      -0.148483	       29405368	       33974802	       33561008
53.500	      -0.154390	       28933858	       33733489	       33379642
53.750	      -0.161883	       28476418	       33525030	       33199236
54.000	      -0.163968	       28164340	       33311290	       33040620
54.250	      -0.167648	       27793812	       33079970	       32857602
54.500	      -0.168559	       27498872	       32835095	       32665290
54.750	      -0.173696	       27007998	       32546276	       32448392
55.000	      -0.180281	       26468376	       32286651	       32284616
55.250	      -0.182027	       25944778	       31957870	       32123608
55.500	      -0.183699	       25459454	       31614059	       31907326
55.750	      -0.182288	       25106782	       31324215	       31753390
56.000	      -0.186269	       24674124	       31057208	       31561374
56.250	      -0.193186	       24231326	       30821339	       31354172
56.500	      -0.194980	       23774024	       30514965	       31177020
56.750	      -0.199060	       23284400	       30228373	       31001228
57.000	      -0.201727	       22859952	       29940493	       30806528
57.250	      -0.204808	       22460644	       29677445	       30622502
57.500	      -0.208261	       22068446	       29394170	       30390694
57.750	      -0.210803	       21732874	       29133323	       30173174
58.000	      -0.211919	       21390556	       28850702	       29961440
58.250	      -0.216085	       21026674	       28588952	       29727544
58.500	      -0.210508	       20788814	       28262495	       29521634
58.750	      -0.206451	       20491606	       27938216	       29329688
59.000	      -0.206670	       20173340	       27654621	       29118064
59.250	      -0.205356	       19862316	       27332267	       28872968
59.500	      -0.205503	       19608928	       27089225	       28676428
59.750	      -0.206857	       19341682	       26847057	       28464368
60.000	      -0.208533	       19015458	       26584895	       28260976
60.250	      -0.211093	       18665888	       26316652	       28046912
60.500	      -0.215277	       18295462	       26072210	       27852864
60.750	      -0.213379	       18050708	       25807916	       27662532
61.000	      -0.210257	       17812218	       25523401	       27460756
61.250	      -0.209429	       17576170	       25273823	       27262024
61.500	      -0.209297	       17332234	       25024176	       27053842
61.750	      -0.208913	       17114148	       24794047	       26862104
62.000	      -0.211692	       16881488	       24577238	       26634642
62.250	      -0.211546	       16624852	       24336959	       26453024
62.500	      -0.216775	       16279494	       24106611	       26244558
62.750	      -0.222380	       15888168	       23842529	       26012288
63.000	      -0.218325	       15697454	       23571920	       25811158
63.250	      -0.211625	       15590272	       23299969	       25593442
63.500	      -0.212445	       15339708	       23058637	       25384708
63.750	      -0.213821	       15047154	       22815770	       25196782
64.000	      -0.216348	       14804012	       22595892	       24982788
64.250	      -0.217019	       14521932	       22344392	       24787498
64.500	      -0.215505	       14353434	       22099947	       24554772
64.750	      -0.218808	       14122188	       21884550	       24324504
65.000	      -0.221354	       13877016	       21665707	       24116178
65.250	      -0.227040	       13612200	       21464335	       23892024
65.500	      -0.230556	       13359562	       21253627	       23686596
65.750	      -0.232619	       13150298	       21031157	       23455754
66.000	      -0.230818	       12929006	       20764520	       23236598
66.250	      -0.233722	       12700352	       20524326	       22977862
66.500	      -0.235585	       12457334	       20269719	       22727772
66.750	      -0.237838	       12188808	       20000438	       22468264
67.000	      -0.235914	       11932392	       19686631	       22202900
67.250	      -0.241071	       11652440	       19436520	       21933154
67.500	      -0.245127	       11369262	       19184316	       21684028
67.750	      -0.244810	       11200240	       18952430	       21452766
68.000	      -0.249540	       10942298	       18734176	       21228656
68.250	      -0.252795	       10688782	       18486159	       20979910
68.500	      -0.248215	       10457972	       18186930	       20762364
68.750	      -0.244535	       10295540	       17905941	       20502710
69.000	      -0.236197	       10113326	       17596601	       20287928
69.250	      -0.228430	        9856910	       17252246	       20064292
69.500	      -0.224195	        9531808	       16917383	       19852190
69.750	      -0.222149	        9240286	       16610684	       19622064
70.000	      -0.222538	        9019896	       16349557	       19368906
70.250	      -0.219814	        8892330	       16111123	       19125798
70.500	      -0.215599	        8698952	       15836595	       18899524
70.750	      -0.212306	        8496908	       15557852	       18657670
71.000	      -0.206677	        8391430	       15318211	       18434922
71.250	      -0.209285	        8217572	       15120177	       18211414
71.500	      -0.213489	        8064606	       14918335	       17941702
71.750	      -0.211184	        7925124	       14685405	       17706376
72.000	      -0.208741	        7795314	       14445828	       17453154
72.250	      -0.204754	        7660574	       14200643	       17215720
72.500	      -0.198418	        7531028	       13930432	       16963894
72.750	      -0.185283	        7406484	       13615190	       16725036
73.000	      -0.177109	        7247796	       13326618	       16485680
73.250	      -0.176644	        7017018	       13061080	       16236984
73.500	      -0.176480	        6744490	       12788903	       16008190
73.750	      -0.171578	        6478486	       12490316	       15792502
74.000	      -0.167601	        6250628	       12203111	       15549482
74.250	      -0.158626	        6080494	       11915043	       15319514
74.500	      -0.141674	        5940530	       11588587	       15097694
74.750	      -0.132295	        5770996	       11282157	       14831228
75.000	      -0.129541	        5625640	       11031922	       14552990
75.250	      -0.128053	        5441100	       10791579	       14309658
75.500	      -0.128999	        5258434	       10558914	       14047300
75.750	      -0.131039	        5034742	       10310216	       13779972
76.000	      -0.128547	        4798106	       10039270	       13539914
76.250	      -0.111564	        4629346	        9690832	       13271682
76.500	      -0.082397	        4504420	        9301770	       13025826
76.750	      -0.059908	        4350380	        8963516	       12809280
77.000	      -0.042996	        4243232	        8673004	       12562630
77.250	      -0.029959	        4167846	        8420509	       12304538
77.500	      -0.021569	        4051416	        8173125	       12035244
77.750	      -0.012535	        3943874	        7931352	       11771282
78.000	      -0.003562	        3833254	        7699142	       11523986
78.250	       0.006923	        3767436	        7468336	       11247100
78.500	       0.011122	        3657622	        7264564	       10993776
78.750	       0.013801	        3579498	        7097694	       10764454
79.000	       0.014454	        3464686	        6913294	       10513872
79.250	       0.006991	        3321490	        6750134	       10250440
79.500	      -0.007273	        3184254	        6616834	        9976854
79.750	      -0.016923	        3019318	        6461761	        9739384
80.000	      -0.016030	        2951722	        6304046	        9504020
80.250	      -0.016127	        2908204	        6156611	        9255750
80.500	      -0.028847	        2821604	        6035426	        8989916
80.750	      -0.038202	        2727520	        5903807	        8745976
81.000	      -0.043024	        2640068	        5770191	        8533182
81.250	      -0.054637	        2526684	        5631540	        8283798
81.500	      -0.061277	        2434690	        5480714	        8034412
81.750	      -0.075649	        2350410	        5355565	        7772718
82.000	      -0.086225	        2258772	        5219109	        7530156
82.250	      -0.098109	        2149388	        5071431	        7279306
82.500	      -0.106473	        2037532	        4911860	        7036942
82.750	      -0.089608	        1972814	        4692074	        6801834
83.000	      -0.086888	        1885166	        4520942	        6584598
83.250	      -0.085471	        1828570	        4350845	        6331924
83.500	      -0.087391	        1723810	        4169583	        6083694
83.750	      -0.081921	        1637260	        3968485	        5822706
84.000	      -0.077159	        1559872	        3785561	        5580654
84.250	      -0.074586	        1495648	        3610949	        5328796
84.500	      -0.078681	        1395688	        3437935	        5080448
84.750	      -0.067307	        1321968	        3252677	        4856510
85.000	      -0.067731	        1218414	        3082450	        4632708
85.250	      -0.087083	        1089596	        2934038	        4395692
85.500	      -0.081235	         998626	        2754735	        4171938
85.750	      -0.067840	         905618	        2567491	        3960672
86.000	      -0.060932	         831856	        2394306	        3729510
86.250	      -0.073500	         760962	        2251599	        3486014
86.500	      -0.082716	         692396	        2112223	        3262214
86.750	      -0.113633	         613108	        1980483	        3006250
87.000	      -0.126001	         551542	        1840226	        2778782
87.250	      -0.114119	         509494	        1675783	        2550960
87.500	      -0.094867	         461772	        1490309	        2300596
87.750	      -0.103322	         399300	        1334229	        2056660
88.000	      -0.111849	         349684	        1187357	        1821318
88.250	      -0.158860	         286862	        1039821	        1547020
88.500	      -0.205199	         228596	         893712	        1293420
88.750	      -0.189235	         177610	         716426	        1055504
89.000	      -0.156176	         115480	         528387	         814144
89.250	      -0.127039	          59440	         362804	         591078
89.500	      -0.120714	          21018	         213421	         362112
89.750	      -0.037115	           2350	          67959	         128788
